# Bake Begins!
### (1 of 6) Copy sources
$ cp -a /home/travis/build/fontdirectory/ubuntu/METADATA.json /home/travis/build/fontdirectory/ubuntu/builds/build
$ cp -a /home/travis/build/fontdirectory/ubuntu/DESCRIPTION.en_us.html /home/travis/build/fontdirectory/ubuntu/builds/build
$ cp -a /home/travis/build/fontdirectory/ubuntu/FONTLOG.txt /home/travis/build/fontdirectory/ubuntu/builds/build
$ cp -a Ubuntu-MediumItalic.ttf.ttx Ubuntu-Italic.ttf.ttx Ubuntu-Regular.ttf.ttx Ubuntu-Medium.ttf.ttx Ubuntu-LightItalic.ttf.ttx Ubuntu-Light.ttf.ttx Ubuntu-BoldItalic.ttf.ttx Ubuntu-Bold.ttf.ttx src/VTT/Ubuntu-LI-hinting.ttf.ttx src/VTT/Ubuntu-C-hinting.ttf.ttx src/VTT/Ubuntu-R-hinting.ttf.ttx src/VTT/Ubuntu-L-hinting.ttf.ttx src/VTT/Ubuntu-B-hinting.ttf.ttx src/VTT/Ubuntu-M-hinting.ttf.ttx src/VTT/Ubuntu-BI-hinting.ttf.ttx src/VTT/Ubuntu-MI-hinting.ttf.ttx src/VTT/Ubuntu-RI-hinting.ttf.ttx Ubuntu-MediumItalic.ttf._n_a_m_e.ttx Ubuntu-MediumItalic.ttf._g_a_s_p.ttx Ubuntu-MediumItalic.ttf.L_T_S_H_.ttx Ubuntu-MediumItalic.ttf._p_r_e_p.ttx Ubuntu-MediumItalic.ttf._k_e_r_n.ttx Ubuntu-MediumItalic.ttf.O_S_2f_2.ttx Ubuntu-MediumItalic.ttf.G_S_U_B_.ttx Ubuntu-MediumItalic.ttf.GlyphOrder.ttx Ubuntu-MediumItalic.ttf.V_D_M_X_.ttx Ubuntu-MediumItalic.ttf._h_h_e_a.ttx Ubuntu-MediumItalic.ttf._h_d_m_x.ttx Ubuntu-MediumItalic.ttf._h_e_a_d.ttx Ubuntu-MediumItalic.ttf._g_l_y_f.ttx Ubuntu-MediumItalic.ttf.G_P_O_S_.ttx Ubuntu-MediumItalic.ttf._l_o_c_a.ttx Ubuntu-MediumItalic.ttf._h_m_t_x.ttx Ubuntu-MediumItalic.ttf._c_v_t.ttx Ubuntu-MediumItalic.ttf._m_a_x_p.ttx Ubuntu-MediumItalic.ttf._p_o_s_t.ttx Ubuntu-MediumItalic.ttf._f_p_g_m.ttx Ubuntu-MediumItalic.ttf._c_m_a_p.ttx Ubuntu-MediumItalic.ttf.D_S_I_G_.ttx Ubuntu-Italic.ttf._n_a_m_e.ttx Ubuntu-Italic.ttf._c_v_t.ttx Ubuntu-Italic.ttf._c_m_a_p.ttx Ubuntu-Italic.ttf.G_P_O_S_.ttx Ubuntu-Italic.ttf._l_o_c_a.ttx Ubuntu-Italic.ttf._p_o_s_t.ttx Ubuntu-Italic.ttf._f_p_g_m.ttx Ubuntu-Italic.ttf._h_d_m_x.ttx Ubuntu-Italic.ttf._h_h_e_a.ttx Ubuntu-Italic.ttf.GlyphOrder.ttx Ubuntu-Italic.ttf.V_D_M_X_.ttx Ubuntu-Italic.ttf._k_e_r_n.ttx Ubuntu-Italic.ttf._p_r_e_p.ttx Ubuntu-Italic.ttf.O_S_2f_2.ttx Ubuntu-Italic.ttf._h_m_t_x.ttx Ubuntu-Italic.ttf.D_S_I_G_.ttx Ubuntu-Italic.ttf._g_l_y_f.ttx Ubuntu-Italic.ttf.L_T_S_H_.ttx Ubuntu-Italic.ttf.G_S_U_B_.ttx Ubuntu-Italic.ttf._g_a_s_p.ttx Ubuntu-Italic.ttf._m_a_x_p.ttx Ubuntu-Italic.ttf._h_e_a_d.ttx Ubuntu-Regular.ttf._l_o_c_a.ttx Ubuntu-Regular.ttf.V_D_M_X_.ttx Ubuntu-Regular.ttf._g_l_y_f.ttx Ubuntu-Regular.ttf._k_e_r_n.ttx Ubuntu-Regular.ttf._p_r_e_p.ttx Ubuntu-Regular.ttf._g_a_s_p.ttx Ubuntu-Regular.ttf._c_m_a_p.ttx Ubuntu-Regular.ttf.D_S_I_G_.ttx Ubuntu-Regular.ttf.L_T_S_H_.ttx Ubuntu-Regular.ttf._h_m_t_x.ttx Ubuntu-Regular.ttf._c_v_t.ttx Ubuntu-Regular.ttf._m_a_x_p.ttx Ubuntu-Regular.ttf._p_o_s_t.ttx Ubuntu-Regular.ttf._h_e_a_d.ttx Ubuntu-Regular.ttf.G_S_U_B_.ttx Ubuntu-Regular.ttf._h_h_e_a.ttx Ubuntu-Regular.ttf._f_p_g_m.ttx Ubuntu-Regular.ttf.O_S_2f_2.ttx Ubuntu-Regular.ttf._n_a_m_e.ttx Ubuntu-Regular.ttf._h_d_m_x.ttx Ubuntu-Regular.ttf.G_P_O_S_.ttx Ubuntu-Regular.ttf.GlyphOrder.ttx Ubuntu-Medium.ttf._h_h_e_a.ttx Ubuntu-Medium.ttf.O_S_2f_2.ttx Ubuntu-Medium.ttf._h_d_m_x.ttx Ubuntu-Medium.ttf._m_a_x_p.ttx Ubuntu-Medium.ttf.L_T_S_H_.ttx Ubuntu-Medium.ttf.V_D_M_X_.ttx Ubuntu-Medium.ttf._p_o_s_t.ttx Ubuntu-Medium.ttf._c_m_a_p.ttx Ubuntu-Medium.ttf._n_a_m_e.ttx Ubuntu-Medium.ttf._l_o_c_a.ttx Ubuntu-Medium.ttf.G_S_U_B_.ttx Ubuntu-Medium.ttf._k_e_r_n.ttx Ubuntu-Medium.ttf._g_a_s_p.ttx Ubuntu-Medium.ttf.GlyphOrder.ttx Ubuntu-Medium.ttf._f_p_g_m.ttx Ubuntu-Medium.ttf.G_P_O_S_.ttx Ubuntu-Medium.ttf._p_r_e_p.ttx Ubuntu-Medium.ttf.D_S_I_G_.ttx Ubuntu-Medium.ttf._h_e_a_d.ttx Ubuntu-Medium.ttf._c_v_t.ttx Ubuntu-Medium.ttf._h_m_t_x.ttx Ubuntu-Medium.ttf._g_l_y_f.ttx Ubuntu-LightItalic.ttf._p_o_s_t.ttx Ubuntu-LightItalic.ttf.GlyphOrder.ttx Ubuntu-LightItalic.ttf._h_m_t_x.ttx Ubuntu-LightItalic.ttf.V_D_M_X_.ttx Ubuntu-LightItalic.ttf._h_e_a_d.ttx Ubuntu-LightItalic.ttf.L_T_S_H_.ttx Ubuntu-LightItalic.ttf._p_r_e_p.ttx Ubuntu-LightItalic.ttf._l_o_c_a.ttx Ubuntu-LightItalic.ttf.O_S_2f_2.ttx Ubuntu-LightItalic.ttf._c_m_a_p.ttx Ubuntu-LightItalic.ttf._h_d_m_x.ttx Ubuntu-LightItalic.ttf.G_P_O_S_.ttx Ubuntu-LightItalic.ttf._g_a_s_p.ttx Ubuntu-LightItalic.ttf.G_S_U_B_.ttx Ubuntu-LightItalic.ttf._f_p_g_m.ttx Ubuntu-LightItalic.ttf._g_l_y_f.ttx Ubuntu-LightItalic.ttf.D_S_I_G_.ttx Ubuntu-LightItalic.ttf._n_a_m_e.ttx Ubuntu-LightItalic.ttf._m_a_x_p.ttx Ubuntu-LightItalic.ttf._h_h_e_a.ttx Ubuntu-LightItalic.ttf._k_e_r_n.ttx Ubuntu-LightItalic.ttf._c_v_t.ttx Ubuntu-Light.ttf._c_v_t.ttx Ubuntu-Light.ttf._c_m_a_p.ttx Ubuntu-Light.ttf._h_e_a_d.ttx Ubuntu-Light.ttf.D_S_I_G_.ttx Ubuntu-Light.ttf.O_S_2f_2.ttx Ubuntu-Light.ttf._h_m_t_x.ttx Ubuntu-Light.ttf._g_l_y_f.ttx Ubuntu-Light.ttf._n_a_m_e.ttx Ubuntu-Light.ttf._l_o_c_a.ttx Ubuntu-Light.ttf._p_o_s_t.ttx Ubuntu-Light.ttf.GlyphOrder.ttx Ubuntu-Light.ttf._g_a_s_p.ttx Ubuntu-Light.ttf._k_e_r_n.ttx Ubuntu-Light.ttf._p_r_e_p.ttx Ubuntu-Light.ttf.L_T_S_H_.ttx Ubuntu-Light.ttf._h_h_e_a.ttx Ubuntu-Light.ttf.G_P_O_S_.ttx Ubuntu-Light.ttf._m_a_x_p.ttx Ubuntu-Light.ttf._h_d_m_x.ttx Ubuntu-Light.ttf._f_p_g_m.ttx Ubuntu-Light.ttf.G_S_U_B_.ttx Ubuntu-Light.ttf.V_D_M_X_.ttx Ubuntu-BoldItalic.ttf._g_a_s_p.ttx Ubuntu-BoldItalic.ttf.O_S_2f_2.ttx Ubuntu-BoldItalic.ttf._k_e_r_n.ttx Ubuntu-BoldItalic.ttf._c_v_t.ttx Ubuntu-BoldItalic.ttf.G_S_U_B_.ttx Ubuntu-BoldItalic.ttf._n_a_m_e.ttx Ubuntu-BoldItalic.ttf._h_d_m_x.ttx Ubuntu-BoldItalic.ttf.V_D_M_X_.ttx Ubuntu-BoldItalic.ttf.D_S_I_G_.ttx Ubuntu-BoldItalic.ttf._h_h_e_a.ttx Ubuntu-BoldItalic.ttf._p_o_s_t.ttx Ubuntu-BoldItalic.ttf.G_P_O_S_.ttx Ubuntu-BoldItalic.ttf._f_p_g_m.ttx Ubuntu-BoldItalic.ttf._l_o_c_a.ttx Ubuntu-BoldItalic.ttf._h_e_a_d.ttx Ubuntu-BoldItalic.ttf.L_T_S_H_.ttx Ubuntu-BoldItalic.ttf._g_l_y_f.ttx Ubuntu-BoldItalic.ttf._p_r_e_p.ttx Ubuntu-BoldItalic.ttf.GlyphOrder.ttx Ubuntu-BoldItalic.ttf._m_a_x_p.ttx Ubuntu-BoldItalic.ttf._h_m_t_x.ttx Ubuntu-BoldItalic.ttf._c_m_a_p.ttx Ubuntu-Bold.ttf._p_r_e_p.ttx Ubuntu-Bold.ttf._f_p_g_m.ttx Ubuntu-Bold.ttf._c_v_t.ttx Ubuntu-Bold.ttf._k_e_r_n.ttx Ubuntu-Bold.ttf.L_T_S_H_.ttx Ubuntu-Bold.ttf._p_o_s_t.ttx Ubuntu-Bold.ttf._n_a_m_e.ttx Ubuntu-Bold.ttf.G_S_U_B_.ttx Ubuntu-Bold.ttf._m_a_x_p.ttx Ubuntu-Bold.ttf._g_a_s_p.ttx Ubuntu-Bold.ttf.O_S_2f_2.ttx Ubuntu-Bold.ttf._h_d_m_x.ttx Ubuntu-Bold.ttf._c_m_a_p.ttx Ubuntu-Bold.ttf._l_o_c_a.ttx Ubuntu-Bold.ttf.G_P_O_S_.ttx Ubuntu-Bold.ttf._g_l_y_f.ttx Ubuntu-Bold.ttf.GlyphOrder.ttx Ubuntu-Bold.ttf._h_h_e_a.ttx Ubuntu-Bold.ttf._h_e_a_d.ttx Ubuntu-Bold.ttf._h_m_t_x.ttx Ubuntu-Bold.ttf.V_D_M_X_.ttx Ubuntu-Bold.ttf.D_S_I_G_.ttx src/VTT/Ubuntu-LI-hinting.ttf._h_e_a_d.ttx src/VTT/Ubuntu-LI-hinting.ttf.T_S_I__0.ttx src/VTT/Ubuntu-LI-hinting.ttf.G_S_U_B_.ttx src/VTT/Ubuntu-LI-hinting.ttf._h_h_e_a.ttx src/VTT/Ubuntu-LI-hinting.ttf._n_a_m_e.ttx src/VTT/Ubuntu-LI-hinting.ttf.GlyphOrder.ttx src/VTT/Ubuntu-LI-hinting.ttf._m_a_x_p.ttx src/VTT/Ubuntu-LI-hinting.ttf.T_S_I__3.ttx src/VTT/Ubuntu-LI-hinting.ttf._h_m_t_x.ttx src/VTT/Ubuntu-LI-hinting.ttf.T_S_I__5.ttx src/VTT/Ubuntu-LI-hinting.ttf._l_o_c_a.ttx src/VTT/Ubuntu-LI-hinting.ttf.T_S_I__1.ttx src/VTT/Ubuntu-LI-hinting.ttf._p_r_e_p.ttx src/VTT/Ubuntu-LI-hinting.ttf._k_e_r_n.ttx src/VTT/Ubuntu-LI-hinting.ttf.O_S_2f_2.ttx src/VTT/Ubuntu-LI-hinting.ttf._c_m_a_p.ttx src/VTT/Ubuntu-LI-hinting.ttf.T_S_I__2.ttx src/VTT/Ubuntu-LI-hinting.ttf._g_l_y_f.ttx src/VTT/Ubuntu-LI-hinting.ttf._g_a_s_p.ttx src/VTT/Ubuntu-LI-hinting.ttf._c_v_t.ttx src/VTT/Ubuntu-LI-hinting.ttf._p_o_s_t.ttx src/VTT/Ubuntu-LI-hinting.ttf._h_d_m_x.ttx src/VTT/Ubuntu-LI-hinting.ttf.L_T_S_H_.ttx src/VTT/Ubuntu-LI-hinting.ttf._f_p_g_m.ttx src/VTT/Ubuntu-LI-hinting.ttf.G_P_O_S_.ttx src/VTT/Ubuntu-LI-hinting.ttf.V_D_M_X_.ttx src/VTT/Ubuntu-C-hinting.ttf.L_T_S_H_.ttx src/VTT/Ubuntu-C-hinting.ttf.T_S_I__1.ttx src/VTT/Ubuntu-C-hinting.ttf._f_p_g_m.ttx src/VTT/Ubuntu-C-hinting.ttf.GlyphOrder.ttx src/VTT/Ubuntu-C-hinting.ttf._h_h_e_a.ttx src/VTT/Ubuntu-C-hinting.ttf._k_e_r_n.ttx src/VTT/Ubuntu-C-hinting.ttf.O_S_2f_2.ttx src/VTT/Ubuntu-C-hinting.ttf._h_d_m_x.ttx src/VTT/Ubuntu-C-hinting.ttf.T_S_I__3.ttx src/VTT/Ubuntu-C-hinting.ttf.V_D_M_X_.ttx src/VTT/Ubuntu-C-hinting.ttf.T_S_I__0.ttx src/VTT/Ubuntu-C-hinting.ttf._c_m_a_p.ttx src/VTT/Ubuntu-C-hinting.ttf._g_a_s_p.ttx src/VTT/Ubuntu-C-hinting.ttf.G_S_U_B_.ttx src/VTT/Ubuntu-C-hinting.ttf._p_r_e_p.ttx src/VTT/Ubuntu-C-hinting.ttf._l_o_c_a.ttx src/VTT/Ubuntu-C-hinting.ttf.T_S_I__2.ttx src/VTT/Ubuntu-C-hinting.ttf._g_l_y_f.ttx src/VTT/Ubuntu-C-hinting.ttf._m_a_x_p.ttx src/VTT/Ubuntu-C-hinting.ttf.G_P_O_S_.ttx src/VTT/Ubuntu-C-hinting.ttf._p_o_s_t.ttx src/VTT/Ubuntu-C-hinting.ttf._c_v_t.ttx src/VTT/Ubuntu-C-hinting.ttf._h_m_t_x.ttx src/VTT/Ubuntu-C-hinting.ttf._n_a_m_e.ttx src/VTT/Ubuntu-C-hinting.ttf._h_e_a_d.ttx src/VTT/Ubuntu-C-hinting.ttf.T_S_I__5.ttx src/VTT/Ubuntu-R-hinting.ttf._h_m_t_x.ttx src/VTT/Ubuntu-R-hinting.ttf.L_T_S_H_.ttx src/VTT/Ubuntu-R-hinting.ttf._p_r_e_p.ttx src/VTT/Ubuntu-R-hinting.ttf._h_d_m_x.ttx src/VTT/Ubuntu-R-hinting.ttf.O_S_2f_2.ttx src/VTT/Ubuntu-R-hinting.ttf.G_P_O_S_.ttx src/VTT/Ubuntu-R-hinting.ttf._k_e_r_n.ttx src/VTT/Ubuntu-R-hinting.ttf._n_a_m_e.ttx src/VTT/Ubuntu-R-hinting.ttf._l_o_c_a.ttx src/VTT/Ubuntu-R-hinting.ttf._g_l_y_f.ttx src/VTT/Ubuntu-R-hinting.ttf._p_o_s_t.ttx src/VTT/Ubuntu-R-hinting.ttf.T_S_I__5.ttx src/VTT/Ubuntu-R-hinting.ttf._g_a_s_p.ttx src/VTT/Ubuntu-R-hinting.ttf._m_a_x_p.ttx src/VTT/Ubuntu-R-hinting.ttf.G_S_U_B_.ttx src/VTT/Ubuntu-R-hinting.ttf.T_S_I__1.ttx src/VTT/Ubuntu-R-hinting.ttf.T_S_I__0.ttx src/VTT/Ubuntu-R-hinting.ttf._f_p_g_m.ttx src/VTT/Ubuntu-R-hinting.ttf.T_S_I__2.ttx src/VTT/Ubuntu-R-hinting.ttf.T_S_I__3.ttx src/VTT/Ubuntu-R-hinting.ttf.V_D_M_X_.ttx src/VTT/Ubuntu-R-hinting.ttf._c_v_t.ttx src/VTT/Ubuntu-R-hinting.ttf._h_e_a_d.ttx src/VTT/Ubuntu-R-hinting.ttf._h_h_e_a.ttx src/VTT/Ubuntu-R-hinting.ttf._c_m_a_p.ttx src/VTT/Ubuntu-R-hinting.ttf.GlyphOrder.ttx src/VTT/Ubuntu-L-hinting.ttf.V_D_M_X_.ttx src/VTT/Ubuntu-L-hinting.ttf.T_S_I__2.ttx src/VTT/Ubuntu-L-hinting.ttf._g_a_s_p.ttx src/VTT/Ubuntu-L-hinting.ttf._f_p_g_m.ttx src/VTT/Ubuntu-L-hinting.ttf._c_v_t.ttx src/VTT/Ubuntu-L-hinting.ttf.T_S_I__0.ttx src/VTT/Ubuntu-L-hinting.ttf.GlyphOrder.ttx src/VTT/Ubuntu-L-hinting.ttf._h_d_m_x.ttx src/VTT/Ubuntu-L-hinting.ttf._p_o_s_t.ttx src/VTT/Ubuntu-L-hinting.ttf.T_S_I__5.ttx src/VTT/Ubuntu-L-hinting.ttf._n_a_m_e.ttx src/VTT/Ubuntu-L-hinting.ttf._p_r_e_p.ttx src/VTT/Ubuntu-L-hinting.ttf.G_P_O_S_.ttx src/VTT/Ubuntu-L-hinting.ttf._h_e_a_d.ttx src/VTT/Ubuntu-L-hinting.ttf._h_m_t_x.ttx src/VTT/Ubuntu-L-hinting.ttf._c_m_a_p.ttx src/VTT/Ubuntu-L-hinting.ttf.O_S_2f_2.ttx src/VTT/Ubuntu-L-hinting.ttf._l_o_c_a.ttx src/VTT/Ubuntu-L-hinting.ttf.T_S_I__3.ttx src/VTT/Ubuntu-L-hinting.ttf._m_a_x_p.ttx src/VTT/Ubuntu-L-hinting.ttf._h_h_e_a.ttx src/VTT/Ubuntu-L-hinting.ttf.L_T_S_H_.ttx src/VTT/Ubuntu-L-hinting.ttf._g_l_y_f.ttx src/VTT/Ubuntu-L-hinting.ttf.G_S_U_B_.ttx src/VTT/Ubuntu-L-hinting.ttf._k_e_r_n.ttx src/VTT/Ubuntu-L-hinting.ttf.T_S_I__1.ttx src/VTT/Ubuntu-B-hinting.ttf._l_o_c_a.ttx src/VTT/Ubuntu-B-hinting.ttf.G_P_O_S_.ttx src/VTT/Ubuntu-B-hinting.ttf.G_S_U_B_.ttx src/VTT/Ubuntu-B-hinting.ttf._h_m_t_x.ttx src/VTT/Ubuntu-B-hinting.ttf.V_D_M_X_.ttx src/VTT/Ubuntu-B-hinting.ttf._c_v_t.ttx src/VTT/Ubuntu-B-hinting.ttf._p_r_e_p.ttx src/VTT/Ubuntu-B-hinting.ttf.T_S_I__5.ttx src/VTT/Ubuntu-B-hinting.ttf.L_T_S_H_.ttx src/VTT/Ubuntu-B-hinting.ttf.T_S_I__1.ttx src/VTT/Ubuntu-B-hinting.ttf.T_S_I__0.ttx src/VTT/Ubuntu-B-hinting.ttf._g_l_y_f.ttx src/VTT/Ubuntu-B-hinting.ttf._h_e_a_d.ttx src/VTT/Ubuntu-B-hinting.ttf._h_h_e_a.ttx src/VTT/Ubuntu-B-hinting.ttf._c_m_a_p.ttx src/VTT/Ubuntu-B-hinting.ttf.GlyphOrder.ttx src/VTT/Ubuntu-B-hinting.ttf._n_a_m_e.ttx src/VTT/Ubuntu-B-hinting.ttf.T_S_I__2.ttx src/VTT/Ubuntu-B-hinting.ttf.T_S_I__3.ttx src/VTT/Ubuntu-B-hinting.ttf.O_S_2f_2.ttx src/VTT/Ubuntu-B-hinting.ttf._g_a_s_p.ttx src/VTT/Ubuntu-B-hinting.ttf._k_e_r_n.ttx src/VTT/Ubuntu-B-hinting.ttf._m_a_x_p.ttx src/VTT/Ubuntu-B-hinting.ttf._h_d_m_x.ttx src/VTT/Ubuntu-B-hinting.ttf._f_p_g_m.ttx src/VTT/Ubuntu-B-hinting.ttf._p_o_s_t.ttx src/VTT/Ubuntu-M-hinting.ttf._c_m_a_p.ttx src/VTT/Ubuntu-M-hinting.ttf._n_a_m_e.ttx src/VTT/Ubuntu-M-hinting.ttf._h_h_e_a.ttx src/VTT/Ubuntu-M-hinting.ttf.T_S_I__5.ttx src/VTT/Ubuntu-M-hinting.ttf.L_T_S_H_.ttx src/VTT/Ubuntu-M-hinting.ttf._p_r_e_p.ttx src/VTT/Ubuntu-M-hinting.ttf._k_e_r_n.ttx src/VTT/Ubuntu-M-hinting.ttf.T_S_I__0.ttx src/VTT/Ubuntu-M-hinting.ttf._f_p_g_m.ttx src/VTT/Ubuntu-M-hinting.ttf._h_e_a_d.ttx src/VTT/Ubuntu-M-hinting.ttf.O_S_2f_2.ttx src/VTT/Ubuntu-M-hinting.ttf._h_d_m_x.ttx src/VTT/Ubuntu-M-hinting.ttf._g_a_s_p.ttx src/VTT/Ubuntu-M-hinting.ttf._l_o_c_a.ttx src/VTT/Ubuntu-M-hinting.ttf.T_S_I__2.ttx src/VTT/Ubuntu-M-hinting.ttf._p_o_s_t.ttx src/VTT/Ubuntu-M-hinting.ttf.T_S_I__3.ttx src/VTT/Ubuntu-M-hinting.ttf.G_S_U_B_.ttx src/VTT/Ubuntu-M-hinting.ttf.T_S_I__1.ttx src/VTT/Ubuntu-M-hinting.ttf._c_v_t.ttx src/VTT/Ubuntu-M-hinting.ttf._g_l_y_f.ttx src/VTT/Ubuntu-M-hinting.ttf._h_m_t_x.ttx src/VTT/Ubuntu-M-hinting.ttf.G_P_O_S_.ttx src/VTT/Ubuntu-M-hinting.ttf.GlyphOrder.ttx src/VTT/Ubuntu-M-hinting.ttf.V_D_M_X_.ttx src/VTT/Ubuntu-M-hinting.ttf._m_a_x_p.ttx src/VTT/Ubuntu-BI-hinting.ttf._f_p_g_m.ttx src/VTT/Ubuntu-BI-hinting.ttf.T_S_I__1.ttx src/VTT/Ubuntu-BI-hinting.ttf.T_S_I__2.ttx src/VTT/Ubuntu-BI-hinting.ttf.T_S_I__0.ttx src/VTT/Ubuntu-BI-hinting.ttf.V_D_M_X_.ttx src/VTT/Ubuntu-BI-hinting.ttf._g_a_s_p.ttx src/VTT/Ubuntu-BI-hinting.ttf._h_m_t_x.ttx src/VTT/Ubuntu-BI-hinting.ttf.T_S_I__3.ttx src/VTT/Ubuntu-BI-hinting.ttf.T_S_I__5.ttx src/VTT/Ubuntu-BI-hinting.ttf._p_o_s_t.ttx src/VTT/Ubuntu-BI-hinting.ttf._m_a_x_p.ttx src/VTT/Ubuntu-BI-hinting.ttf.L_T_S_H_.ttx src/VTT/Ubuntu-BI-hinting.ttf._n_a_m_e.ttx src/VTT/Ubuntu-BI-hinting.ttf._h_h_e_a.ttx src/VTT/Ubuntu-BI-hinting.ttf.O_S_2f_2.ttx src/VTT/Ubuntu-BI-hinting.ttf._l_o_c_a.ttx src/VTT/Ubuntu-BI-hinting.ttf.G_P_O_S_.ttx src/VTT/Ubuntu-BI-hinting.ttf._h_d_m_x.ttx src/VTT/Ubuntu-BI-hinting.ttf._c_v_t.ttx src/VTT/Ubuntu-BI-hinting.ttf._c_m_a_p.ttx src/VTT/Ubuntu-BI-hinting.ttf._g_l_y_f.ttx src/VTT/Ubuntu-BI-hinting.ttf._h_e_a_d.ttx src/VTT/Ubuntu-BI-hinting.ttf.GlyphOrder.ttx src/VTT/Ubuntu-BI-hinting.ttf.G_S_U_B_.ttx src/VTT/Ubuntu-BI-hinting.ttf._p_r_e_p.ttx src/VTT/Ubuntu-BI-hinting.ttf._k_e_r_n.ttx src/VTT/Ubuntu-MI-hinting.ttf._g_l_y_f.ttx src/VTT/Ubuntu-MI-hinting.ttf.T_S_I__2.ttx src/VTT/Ubuntu-MI-hinting.ttf.O_S_2f_2.ttx src/VTT/Ubuntu-MI-hinting.ttf.L_T_S_H_.ttx src/VTT/Ubuntu-MI-hinting.ttf._p_o_s_t.ttx src/VTT/Ubuntu-MI-hinting.ttf._c_v_t.ttx src/VTT/Ubuntu-MI-hinting.ttf.T_S_I__5.ttx src/VTT/Ubuntu-MI-hinting.ttf.T_S_I__1.ttx src/VTT/Ubuntu-MI-hinting.ttf._k_e_r_n.ttx src/VTT/Ubuntu-MI-hinting.ttf._l_o_c_a.ttx src/VTT/Ubuntu-MI-hinting.ttf._n_a_m_e.ttx src/VTT/Ubuntu-MI-hinting.ttf.V_D_M_X_.ttx src/VTT/Ubuntu-MI-hinting.ttf._p_r_e_p.ttx src/VTT/Ubuntu-MI-hinting.ttf.GlyphOrder.ttx src/VTT/Ubuntu-MI-hinting.ttf.T_S_I__0.ttx src/VTT/Ubuntu-MI-hinting.ttf._c_m_a_p.ttx src/VTT/Ubuntu-MI-hinting.ttf._h_d_m_x.ttx src/VTT/Ubuntu-MI-hinting.ttf._m_a_x_p.ttx src/VTT/Ubuntu-MI-hinting.ttf.G_S_U_B_.ttx src/VTT/Ubuntu-MI-hinting.ttf.T_S_I__3.ttx src/VTT/Ubuntu-MI-hinting.ttf.G_P_O_S_.ttx src/VTT/Ubuntu-MI-hinting.ttf._h_m_t_x.ttx src/VTT/Ubuntu-MI-hinting.ttf._h_h_e_a.ttx src/VTT/Ubuntu-MI-hinting.ttf._f_p_g_m.ttx src/VTT/Ubuntu-MI-hinting.ttf._h_e_a_d.ttx src/VTT/Ubuntu-MI-hinting.ttf._g_a_s_p.ttx src/VTT/Ubuntu-RI-hinting.ttf._c_v_t.ttx src/VTT/Ubuntu-RI-hinting.ttf._n_a_m_e.ttx src/VTT/Ubuntu-RI-hinting.ttf._h_h_e_a.ttx src/VTT/Ubuntu-RI-hinting.ttf.T_S_I__3.ttx src/VTT/Ubuntu-RI-hinting.ttf.L_T_S_H_.ttx src/VTT/Ubuntu-RI-hinting.ttf.T_S_I__1.ttx src/VTT/Ubuntu-RI-hinting.ttf.G_P_O_S_.ttx src/VTT/Ubuntu-RI-hinting.ttf._h_m_t_x.ttx src/VTT/Ubuntu-RI-hinting.ttf._l_o_c_a.ttx src/VTT/Ubuntu-RI-hinting.ttf.G_S_U_B_.ttx src/VTT/Ubuntu-RI-hinting.ttf._h_e_a_d.ttx src/VTT/Ubuntu-RI-hinting.ttf._p_r_e_p.ttx src/VTT/Ubuntu-RI-hinting.ttf._m_a_x_p.ttx src/VTT/Ubuntu-RI-hinting.ttf._c_m_a_p.ttx src/VTT/Ubuntu-RI-hinting.ttf._g_l_y_f.ttx src/VTT/Ubuntu-RI-hinting.ttf.O_S_2f_2.ttx src/VTT/Ubuntu-RI-hinting.ttf.T_S_I__2.ttx src/VTT/Ubuntu-RI-hinting.ttf.T_S_I__5.ttx src/VTT/Ubuntu-RI-hinting.ttf._f_p_g_m.ttx src/VTT/Ubuntu-RI-hinting.ttf.V_D_M_X_.ttx src/VTT/Ubuntu-RI-hinting.ttf.GlyphOrder.ttx src/VTT/Ubuntu-RI-hinting.ttf._p_o_s_t.ttx src/VTT/Ubuntu-RI-hinting.ttf._g_a_s_p.ttx src/VTT/Ubuntu-RI-hinting.ttf.T_S_I__0.ttx src/VTT/Ubuntu-RI-hinting.ttf._k_e_r_n.ttx src/VTT/Ubuntu-RI-hinting.ttf._h_d_m_x.ttx /home/travis/build/fontdirectory/ubuntu/builds/build/sources
### (2 of 6) pyfontaine
### (3 of 6) Run upstream tests
$ fontbakery-check.py upstream-repo sources
$ fontaine --collections subsets --text /home/travis/build/fontdirectory/ubuntu/builds/build/sources/Ubuntu-LI-hinting.ttf.ttx /home/travis/build/fontdirectory/ubuntu/builds/build/sources/Ubuntu-MediumItalic.ttf.ttx /home/travis/build/fontdirectory/ubuntu/builds/build/sources/Ubuntu-C-hinting.ttf.ttx /home/travis/build/fontdirectory/ubuntu/builds/build/sources/Ubuntu-Italic.ttf.ttx /home/travis/build/fontdirectory/ubuntu/builds/build/sources/Ubuntu-Regular.ttf.ttx /home/travis/build/fontdirectory/ubuntu/builds/build/sources/Ubuntu-Medium.ttf.ttx /home/travis/build/fontdirectory/ubuntu/builds/build/sources/Ubuntu-LightItalic.ttf.ttx /home/travis/build/fontdirectory/ubuntu/builds/build/sources/Ubuntu-Light.ttf.ttx /home/travis/build/fontdirectory/ubuntu/builds/build/sources/Ubuntu-R-hinting.ttf.ttx /home/travis/build/fontdirectory/ubuntu/builds/build/sources/Ubuntu-L-hinting.ttf.ttx /home/travis/build/fontdirectory/ubuntu/builds/build/sources/Ubuntu-B-hinting.ttf.ttx /home/travis/build/fontdirectory/ubuntu/builds/build/sources/Ubuntu-BoldItalic.ttf.ttx /home/travis/build/fontdirectory/ubuntu/builds/build/sources/Ubuntu-Bold.ttf.ttx /home/travis/build/fontdirectory/ubuntu/builds/build/sources/Ubuntu-M-hinting.ttf.ttx /home/travis/build/fontdirectory/ubuntu/builds/build/sources/Ubuntu-BI-hinting.ttf.ttx /home/travis/build/fontdirectory/ubuntu/builds/build/sources/Ubuntu-MI-hinting.ttf.ttx /home/travis/build/fontdirectory/ubuntu/builds/build/sources/Ubuntu-RI-hinting.ttf.ttx > fontaine.txt
WARNING: Please install [PyICU](https://pypi.python.org/pypi/PyICU) toenable [feature], perhaps with: pip install pyicu
bakery_lint.tests.upstream.test_prepolation.FontTestPrepolation.test_font_prepolation_glyph_contours(): ERROR
pyfontaine error: not well-formed (invalid token): line 30694, column 26
pyfontaine process has been failed
bakery_lint.tests.upstream.test_prepolation.FontTestPrepolation.test_font_prepolation_glyph_points(): ERROR
bakery_lint.tests.upstream.test_prepolation.FontTestPrepolation.test_font_test_prepolation_glyph_names(): ERROR
bakery_lint.tests.upstream.test_check_upstream_sources.ProjectUpstreamTestCase.test_bakery_yaml_exists(): OK
bakery_lint.tests.upstream.test_check_upstream_sources.ProjectUpstreamTestCase.test_copyright_notices_same_across_family(): OK
bakery_lint.tests.upstream.test_check_upstream_sources.ProjectUpstreamTestCase.test_description_html_exists(): OK
bakery_lint.tests.upstream.test_check_upstream_sources.ProjectUpstreamTestCase.test_fontlog_txt_exists(): OK
bakery_lint.tests.upstream.test_check_upstream_sources.ProjectUpstreamTestCase.test_metadata_json_exists(): OK
bakery_lint.tests.upstream.test_diacritic.TestDiacritic.test_diacritic_made_as_component(): OK
bakery_lint.tests.upstream.test_diacritic.TestDiacritic.test_diacritic_made_as_mark_to_mark(): OK
bakery_lint.tests.upstream.test_diacritic.TestDiacritic.test_diacritic_made_as_own_glyphs(): OK
$ fontbakery-check.py upstream-ttx Ubuntu-LI-hinting.ttf.ttx
bakery_lint.tests.upstream.test_check_ttx_requirements.SourceTTXTest.test_epar_in_keys(): FAIL
bakery_lint.tests.upstream.test_check_ttx_requirements.SourceTTXTest.test_os2_in_keys(): OK
bakery_lint.tests.upstream.test_check_ttx_requirements.SourceTTXTest.test_ttx_doesnt_contain_duplicate_glyphs(): OK
bakery_lint.tests.upstream.test_glyphname_does_not_contain_disallowed_chars.TestGlyphNameDoesNotContainsDisallowedChars.test_glyphname_does_not_contain_disallowed_chars(): FAIL
bakery_lint.tests.upstream.test_check_ttx_fontfamily_recommendations.TTX_FontFamilyNamingTest.test_ttx_family_naming_recommendation(): OK
bakery_lint.tests.upstream.test_font_filename_eq_familystyle.TestTTFSourceFontFileNameEqualsFamilyStyle.test_source_ttf_font_filename_equals_familystyle(): FAIL
$ mv /home/travis/build/fontdirectory/ubuntu/builds/build/sources/Ubuntu-LI-hinting.ttf.ttx /home/travis/build/fontdirectory/ubuntu/builds/build/sources/Ubuntu-LightItalic.ttx
bakery_lint.tests.upstream.test_font_filename_eq_familystyle.TestTTFSourceFontFileNameEqualsFamilyStyle.test_source_ttf_font_filename_equals_familystyle(): OK
$ fontbakery-check.py upstream-ttx Ubuntu-MediumItalic.ttf.ttx
bakery_lint.tests.upstream.test_check_ttx_requirements.SourceTTXTest.test_epar_in_keys(): FAIL
bakery_lint.tests.upstream.test_check_ttx_requirements.SourceTTXTest.test_os2_in_keys(): OK
bakery_lint.tests.upstream.test_check_ttx_requirements.SourceTTXTest.test_ttx_doesnt_contain_duplicate_glyphs(): OK
bakery_lint.tests.upstream.test_glyphname_does_not_contain_disallowed_chars.TestGlyphNameDoesNotContainsDisallowedChars.test_glyphname_does_not_contain_disallowed_chars(): FAIL
bakery_lint.tests.upstream.test_check_ttx_fontfamily_recommendations.TTX_FontFamilyNamingTest.test_ttx_family_naming_recommendation(): OK
bakery_lint.tests.upstream.test_font_filename_eq_familystyle.TestTTFSourceFontFileNameEqualsFamilyStyle.test_source_ttf_font_filename_equals_familystyle(): FAIL
$ mv /home/travis/build/fontdirectory/ubuntu/builds/build/sources/Ubuntu-MediumItalic.ttf.ttx /home/travis/build/fontdirectory/ubuntu/builds/build/sources/Ubuntu-MediumItalic.ttx
bakery_lint.tests.upstream.test_font_filename_eq_familystyle.TestTTFSourceFontFileNameEqualsFamilyStyle.test_source_ttf_font_filename_equals_familystyle(): OK
$ fontbakery-check.py upstream-ttx Ubuntu-C-hinting.ttf.ttx
bakery_lint.tests.upstream.test_check_ttx_requirements.SourceTTXTest.test_epar_in_keys(): FAIL
bakery_lint.tests.upstream.test_check_ttx_requirements.SourceTTXTest.test_os2_in_keys(): OK
bakery_lint.tests.upstream.test_check_ttx_requirements.SourceTTXTest.test_ttx_doesnt_contain_duplicate_glyphs(): OK
bakery_lint.tests.upstream.test_glyphname_does_not_contain_disallowed_chars.TestGlyphNameDoesNotContainsDisallowedChars.test_glyphname_does_not_contain_disallowed_chars(): FAIL
bakery_lint.tests.upstream.test_check_ttx_fontfamily_recommendations.TTX_FontFamilyNamingTest.test_ttx_family_naming_recommendation(): OK
bakery_lint.tests.upstream.test_font_filename_eq_familystyle.TestTTFSourceFontFileNameEqualsFamilyStyle.test_source_ttf_font_filename_equals_familystyle(): FAIL
$ mv /home/travis/build/fontdirectory/ubuntu/builds/build/sources/Ubuntu-C-hinting.ttf.ttx /home/travis/build/fontdirectory/ubuntu/builds/build/sources/UbuntuCondensed-Regular.ttx
bakery_lint.tests.upstream.test_font_filename_eq_familystyle.TestTTFSourceFontFileNameEqualsFamilyStyle.test_source_ttf_font_filename_equals_familystyle(): OK
$ fontbakery-check.py upstream-ttx Ubuntu-Italic.ttf.ttx
bakery_lint.tests.upstream.test_check_ttx_requirements.SourceTTXTest.test_epar_in_keys(): FAIL
bakery_lint.tests.upstream.test_check_ttx_requirements.SourceTTXTest.test_os2_in_keys(): OK
bakery_lint.tests.upstream.test_check_ttx_requirements.SourceTTXTest.test_ttx_doesnt_contain_duplicate_glyphs(): OK
bakery_lint.tests.upstream.test_glyphname_does_not_contain_disallowed_chars.TestGlyphNameDoesNotContainsDisallowedChars.test_glyphname_does_not_contain_disallowed_chars(): FAIL
bakery_lint.tests.upstream.test_check_ttx_fontfamily_recommendations.TTX_FontFamilyNamingTest.test_ttx_family_naming_recommendation(): OK
bakery_lint.tests.upstream.test_font_filename_eq_familystyle.TestTTFSourceFontFileNameEqualsFamilyStyle.test_source_ttf_font_filename_equals_familystyle(): FAIL
$ mv /home/travis/build/fontdirectory/ubuntu/builds/build/sources/Ubuntu-Italic.ttf.ttx /home/travis/build/fontdirectory/ubuntu/builds/build/sources/Ubuntu-Italic.ttx
bakery_lint.tests.upstream.test_font_filename_eq_familystyle.TestTTFSourceFontFileNameEqualsFamilyStyle.test_source_ttf_font_filename_equals_familystyle(): OK
$ fontbakery-check.py upstream-ttx Ubuntu-Regular.ttf.ttx
bakery_lint.tests.upstream.test_check_ttx_requirements.SourceTTXTest.test_epar_in_keys(): FAIL
bakery_lint.tests.upstream.test_check_ttx_requirements.SourceTTXTest.test_os2_in_keys(): OK
bakery_lint.tests.upstream.test_check_ttx_requirements.SourceTTXTest.test_ttx_doesnt_contain_duplicate_glyphs(): OK
bakery_lint.tests.upstream.test_glyphname_does_not_contain_disallowed_chars.TestGlyphNameDoesNotContainsDisallowedChars.test_glyphname_does_not_contain_disallowed_chars(): FAIL
bakery_lint.tests.upstream.test_check_ttx_fontfamily_recommendations.TTX_FontFamilyNamingTest.test_ttx_family_naming_recommendation(): OK
bakery_lint.tests.upstream.test_font_filename_eq_familystyle.TestTTFSourceFontFileNameEqualsFamilyStyle.test_source_ttf_font_filename_equals_familystyle(): FAIL
$ mv /home/travis/build/fontdirectory/ubuntu/builds/build/sources/Ubuntu-Regular.ttf.ttx /home/travis/build/fontdirectory/ubuntu/builds/build/sources/Ubuntu-Regular.ttx
bakery_lint.tests.upstream.test_font_filename_eq_familystyle.TestTTFSourceFontFileNameEqualsFamilyStyle.test_source_ttf_font_filename_equals_familystyle(): OK
$ fontbakery-check.py upstream-ttx Ubuntu-Medium.ttf.ttx
bakery_lint.tests.upstream.test_check_ttx_requirements.SourceTTXTest.test_epar_in_keys(): FAIL
bakery_lint.tests.upstream.test_check_ttx_requirements.SourceTTXTest.test_os2_in_keys(): OK
bakery_lint.tests.upstream.test_check_ttx_requirements.SourceTTXTest.test_ttx_doesnt_contain_duplicate_glyphs(): OK
bakery_lint.tests.upstream.test_glyphname_does_not_contain_disallowed_chars.TestGlyphNameDoesNotContainsDisallowedChars.test_glyphname_does_not_contain_disallowed_chars(): FAIL
bakery_lint.tests.upstream.test_check_ttx_fontfamily_recommendations.TTX_FontFamilyNamingTest.test_ttx_family_naming_recommendation(): OK
bakery_lint.tests.upstream.test_font_filename_eq_familystyle.TestTTFSourceFontFileNameEqualsFamilyStyle.test_source_ttf_font_filename_equals_familystyle(): FAIL
$ mv /home/travis/build/fontdirectory/ubuntu/builds/build/sources/Ubuntu-Medium.ttf.ttx /home/travis/build/fontdirectory/ubuntu/builds/build/sources/Ubuntu-Medium.ttx
bakery_lint.tests.upstream.test_font_filename_eq_familystyle.TestTTFSourceFontFileNameEqualsFamilyStyle.test_source_ttf_font_filename_equals_familystyle(): OK
$ fontbakery-check.py upstream-ttx Ubuntu-LightItalic.ttf.ttx
bakery_lint.tests.upstream.test_check_ttx_requirements.SourceTTXTest.test_epar_in_keys(): FAIL
bakery_lint.tests.upstream.test_check_ttx_requirements.SourceTTXTest.test_os2_in_keys(): OK
bakery_lint.tests.upstream.test_check_ttx_requirements.SourceTTXTest.test_ttx_doesnt_contain_duplicate_glyphs(): OK
bakery_lint.tests.upstream.test_glyphname_does_not_contain_disallowed_chars.TestGlyphNameDoesNotContainsDisallowedChars.test_glyphname_does_not_contain_disallowed_chars(): FAIL
bakery_lint.tests.upstream.test_check_ttx_fontfamily_recommendations.TTX_FontFamilyNamingTest.test_ttx_family_naming_recommendation(): OK
bakery_lint.tests.upstream.test_font_filename_eq_familystyle.TestTTFSourceFontFileNameEqualsFamilyStyle.test_source_ttf_font_filename_equals_familystyle(): FAIL
$ mv /home/travis/build/fontdirectory/ubuntu/builds/build/sources/Ubuntu-LightItalic.ttf.ttx /home/travis/build/fontdirectory/ubuntu/builds/build/sources/Ubuntu-LightItalic.ttx
bakery_lint.tests.upstream.test_font_filename_eq_familystyle.TestTTFSourceFontFileNameEqualsFamilyStyle.test_source_ttf_font_filename_equals_familystyle(): OK
$ fontbakery-check.py upstream-ttx Ubuntu-Light.ttf.ttx
bakery_lint.tests.upstream.test_check_ttx_requirements.SourceTTXTest.test_epar_in_keys(): FAIL
bakery_lint.tests.upstream.test_check_ttx_requirements.SourceTTXTest.test_os2_in_keys(): OK
bakery_lint.tests.upstream.test_check_ttx_requirements.SourceTTXTest.test_ttx_doesnt_contain_duplicate_glyphs(): OK
bakery_lint.tests.upstream.test_glyphname_does_not_contain_disallowed_chars.TestGlyphNameDoesNotContainsDisallowedChars.test_glyphname_does_not_contain_disallowed_chars(): FAIL
bakery_lint.tests.upstream.test_check_ttx_fontfamily_recommendations.TTX_FontFamilyNamingTest.test_ttx_family_naming_recommendation(): OK
bakery_lint.tests.upstream.test_font_filename_eq_familystyle.TestTTFSourceFontFileNameEqualsFamilyStyle.test_source_ttf_font_filename_equals_familystyle(): FAIL
$ mv /home/travis/build/fontdirectory/ubuntu/builds/build/sources/Ubuntu-Light.ttf.ttx /home/travis/build/fontdirectory/ubuntu/builds/build/sources/Ubuntu-Light.ttx
bakery_lint.tests.upstream.test_font_filename_eq_familystyle.TestTTFSourceFontFileNameEqualsFamilyStyle.test_source_ttf_font_filename_equals_familystyle(): OK
$ fontbakery-check.py upstream-ttx Ubuntu-R-hinting.ttf.ttx
bakery_lint.tests.upstream.test_check_ttx_requirements.SourceTTXTest.test_epar_in_keys(): FAIL
bakery_lint.tests.upstream.test_check_ttx_requirements.SourceTTXTest.test_os2_in_keys(): OK
bakery_lint.tests.upstream.test_check_ttx_requirements.SourceTTXTest.test_ttx_doesnt_contain_duplicate_glyphs(): OK
bakery_lint.tests.upstream.test_glyphname_does_not_contain_disallowed_chars.TestGlyphNameDoesNotContainsDisallowedChars.test_glyphname_does_not_contain_disallowed_chars(): FAIL
bakery_lint.tests.upstream.test_check_ttx_fontfamily_recommendations.TTX_FontFamilyNamingTest.test_ttx_family_naming_recommendation(): OK
bakery_lint.tests.upstream.test_font_filename_eq_familystyle.TestTTFSourceFontFileNameEqualsFamilyStyle.test_source_ttf_font_filename_equals_familystyle(): FAIL
$ mv /home/travis/build/fontdirectory/ubuntu/builds/build/sources/Ubuntu-R-hinting.ttf.ttx /home/travis/build/fontdirectory/ubuntu/builds/build/sources/Ubuntu-Regular.ttx
bakery_lint.tests.upstream.test_font_filename_eq_familystyle.TestTTFSourceFontFileNameEqualsFamilyStyle.test_source_ttf_font_filename_equals_familystyle(): OK
$ fontbakery-check.py upstream-ttx Ubuntu-L-hinting.ttf.ttx
bakery_lint.tests.upstream.test_check_ttx_requirements.SourceTTXTest.test_epar_in_keys(): FAIL
bakery_lint.tests.upstream.test_check_ttx_requirements.SourceTTXTest.test_os2_in_keys(): OK
bakery_lint.tests.upstream.test_check_ttx_requirements.SourceTTXTest.test_ttx_doesnt_contain_duplicate_glyphs(): OK
bakery_lint.tests.upstream.test_glyphname_does_not_contain_disallowed_chars.TestGlyphNameDoesNotContainsDisallowedChars.test_glyphname_does_not_contain_disallowed_chars(): FAIL
bakery_lint.tests.upstream.test_check_ttx_fontfamily_recommendations.TTX_FontFamilyNamingTest.test_ttx_family_naming_recommendation(): OK
bakery_lint.tests.upstream.test_font_filename_eq_familystyle.TestTTFSourceFontFileNameEqualsFamilyStyle.test_source_ttf_font_filename_equals_familystyle(): FAIL
$ mv /home/travis/build/fontdirectory/ubuntu/builds/build/sources/Ubuntu-L-hinting.ttf.ttx /home/travis/build/fontdirectory/ubuntu/builds/build/sources/Ubuntu-Light.ttx
bakery_lint.tests.upstream.test_font_filename_eq_familystyle.TestTTFSourceFontFileNameEqualsFamilyStyle.test_source_ttf_font_filename_equals_familystyle(): OK
$ fontbakery-check.py upstream-ttx Ubuntu-B-hinting.ttf.ttx
bakery_lint.tests.upstream.test_check_ttx_requirements.SourceTTXTest.test_epar_in_keys(): ERROR
bakery_lint.tests.upstream.test_check_ttx_requirements.SourceTTXTest.test_os2_in_keys(): ERROR
bakery_lint.tests.upstream.test_check_ttx_requirements.SourceTTXTest.test_ttx_doesnt_contain_duplicate_glyphs(): ERROR
bakery_lint.tests.upstream.test_glyphname_does_not_contain_disallowed_chars.TestGlyphNameDoesNotContainsDisallowedChars.test_glyphname_does_not_contain_disallowed_chars(): ERROR
bakery_lint.tests.upstream.test_check_ttx_fontfamily_recommendations.TTX_FontFamilyNamingTest.test_ttx_family_naming_recommendation(): ERROR
bakery_lint.tests.upstream.test_font_filename_eq_familystyle.TestTTFSourceFontFileNameEqualsFamilyStyle.test_source_ttf_font_filename_equals_familystyle(): ERROR
$ fontbakery-check.py upstream-ttx Ubuntu-BoldItalic.ttf.ttx
bakery_lint.tests.upstream.test_check_ttx_requirements.SourceTTXTest.test_epar_in_keys(): FAIL
bakery_lint.tests.upstream.test_check_ttx_requirements.SourceTTXTest.test_os2_in_keys(): OK
bakery_lint.tests.upstream.test_check_ttx_requirements.SourceTTXTest.test_ttx_doesnt_contain_duplicate_glyphs(): OK
bakery_lint.tests.upstream.test_glyphname_does_not_contain_disallowed_chars.TestGlyphNameDoesNotContainsDisallowedChars.test_glyphname_does_not_contain_disallowed_chars(): FAIL
bakery_lint.tests.upstream.test_check_ttx_fontfamily_recommendations.TTX_FontFamilyNamingTest.test_ttx_family_naming_recommendation(): OK
bakery_lint.tests.upstream.test_font_filename_eq_familystyle.TestTTFSourceFontFileNameEqualsFamilyStyle.test_source_ttf_font_filename_equals_familystyle(): FAIL
$ mv /home/travis/build/fontdirectory/ubuntu/builds/build/sources/Ubuntu-BoldItalic.ttf.ttx /home/travis/build/fontdirectory/ubuntu/builds/build/sources/Ubuntu-BoldItalic.ttx
bakery_lint.tests.upstream.test_font_filename_eq_familystyle.TestTTFSourceFontFileNameEqualsFamilyStyle.test_source_ttf_font_filename_equals_familystyle(): OK
$ fontbakery-check.py upstream-ttx Ubuntu-Bold.ttf.ttx
bakery_lint.tests.upstream.test_check_ttx_requirements.SourceTTXTest.test_epar_in_keys(): FAIL
bakery_lint.tests.upstream.test_check_ttx_requirements.SourceTTXTest.test_os2_in_keys(): OK
bakery_lint.tests.upstream.test_check_ttx_requirements.SourceTTXTest.test_ttx_doesnt_contain_duplicate_glyphs(): OK
bakery_lint.tests.upstream.test_glyphname_does_not_contain_disallowed_chars.TestGlyphNameDoesNotContainsDisallowedChars.test_glyphname_does_not_contain_disallowed_chars(): FAIL
bakery_lint.tests.upstream.test_check_ttx_fontfamily_recommendations.TTX_FontFamilyNamingTest.test_ttx_family_naming_recommendation(): OK
bakery_lint.tests.upstream.test_font_filename_eq_familystyle.TestTTFSourceFontFileNameEqualsFamilyStyle.test_source_ttf_font_filename_equals_familystyle(): FAIL
$ mv /home/travis/build/fontdirectory/ubuntu/builds/build/sources/Ubuntu-Bold.ttf.ttx /home/travis/build/fontdirectory/ubuntu/builds/build/sources/Ubuntu-Bold.ttx
bakery_lint.tests.upstream.test_font_filename_eq_familystyle.TestTTFSourceFontFileNameEqualsFamilyStyle.test_source_ttf_font_filename_equals_familystyle(): OK
$ fontbakery-check.py upstream-ttx Ubuntu-M-hinting.ttf.ttx
bakery_lint.tests.upstream.test_check_ttx_requirements.SourceTTXTest.test_epar_in_keys(): FAIL
bakery_lint.tests.upstream.test_check_ttx_requirements.SourceTTXTest.test_os2_in_keys(): OK
bakery_lint.tests.upstream.test_check_ttx_requirements.SourceTTXTest.test_ttx_doesnt_contain_duplicate_glyphs(): OK
bakery_lint.tests.upstream.test_glyphname_does_not_contain_disallowed_chars.TestGlyphNameDoesNotContainsDisallowedChars.test_glyphname_does_not_contain_disallowed_chars(): FAIL
bakery_lint.tests.upstream.test_check_ttx_fontfamily_recommendations.TTX_FontFamilyNamingTest.test_ttx_family_naming_recommendation(): OK
bakery_lint.tests.upstream.test_font_filename_eq_familystyle.TestTTFSourceFontFileNameEqualsFamilyStyle.test_source_ttf_font_filename_equals_familystyle(): FAIL
$ mv /home/travis/build/fontdirectory/ubuntu/builds/build/sources/Ubuntu-M-hinting.ttf.ttx /home/travis/build/fontdirectory/ubuntu/builds/build/sources/Ubuntu-Medium.ttx
bakery_lint.tests.upstream.test_font_filename_eq_familystyle.TestTTFSourceFontFileNameEqualsFamilyStyle.test_source_ttf_font_filename_equals_familystyle(): OK
$ fontbakery-check.py upstream-ttx Ubuntu-BI-hinting.ttf.ttx
bakery_lint.tests.upstream.test_check_ttx_requirements.SourceTTXTest.test_epar_in_keys(): FAIL
bakery_lint.tests.upstream.test_check_ttx_requirements.SourceTTXTest.test_os2_in_keys(): OK
bakery_lint.tests.upstream.test_check_ttx_requirements.SourceTTXTest.test_ttx_doesnt_contain_duplicate_glyphs(): OK
bakery_lint.tests.upstream.test_glyphname_does_not_contain_disallowed_chars.TestGlyphNameDoesNotContainsDisallowedChars.test_glyphname_does_not_contain_disallowed_chars(): FAIL
bakery_lint.tests.upstream.test_check_ttx_fontfamily_recommendations.TTX_FontFamilyNamingTest.test_ttx_family_naming_recommendation(): OK
bakery_lint.tests.upstream.test_font_filename_eq_familystyle.TestTTFSourceFontFileNameEqualsFamilyStyle.test_source_ttf_font_filename_equals_familystyle(): FAIL
$ mv /home/travis/build/fontdirectory/ubuntu/builds/build/sources/Ubuntu-BI-hinting.ttf.ttx /home/travis/build/fontdirectory/ubuntu/builds/build/sources/Ubuntu-BoldItalic.ttx
bakery_lint.tests.upstream.test_font_filename_eq_familystyle.TestTTFSourceFontFileNameEqualsFamilyStyle.test_source_ttf_font_filename_equals_familystyle(): OK
$ fontbakery-check.py upstream-ttx Ubuntu-MI-hinting.ttf.ttx
bakery_lint.tests.upstream.test_check_ttx_requirements.SourceTTXTest.test_epar_in_keys(): FAIL
bakery_lint.tests.upstream.test_check_ttx_requirements.SourceTTXTest.test_os2_in_keys(): OK
bakery_lint.tests.upstream.test_check_ttx_requirements.SourceTTXTest.test_ttx_doesnt_contain_duplicate_glyphs(): OK
bakery_lint.tests.upstream.test_glyphname_does_not_contain_disallowed_chars.TestGlyphNameDoesNotContainsDisallowedChars.test_glyphname_does_not_contain_disallowed_chars(): FAIL
bakery_lint.tests.upstream.test_check_ttx_fontfamily_recommendations.TTX_FontFamilyNamingTest.test_ttx_family_naming_recommendation(): OK
bakery_lint.tests.upstream.test_font_filename_eq_familystyle.TestTTFSourceFontFileNameEqualsFamilyStyle.test_source_ttf_font_filename_equals_familystyle(): FAIL
$ mv /home/travis/build/fontdirectory/ubuntu/builds/build/sources/Ubuntu-MI-hinting.ttf.ttx /home/travis/build/fontdirectory/ubuntu/builds/build/sources/Ubuntu-MediumItalic.ttx
bakery_lint.tests.upstream.test_font_filename_eq_familystyle.TestTTFSourceFontFileNameEqualsFamilyStyle.test_source_ttf_font_filename_equals_familystyle(): OK
$ fontbakery-check.py upstream-ttx Ubuntu-RI-hinting.ttf.ttx
bakery_lint.tests.upstream.test_check_ttx_requirements.SourceTTXTest.test_epar_in_keys(): FAIL
bakery_lint.tests.upstream.test_check_ttx_requirements.SourceTTXTest.test_os2_in_keys(): OK
bakery_lint.tests.upstream.test_check_ttx_requirements.SourceTTXTest.test_ttx_doesnt_contain_duplicate_glyphs(): OK
bakery_lint.tests.upstream.test_glyphname_does_not_contain_disallowed_chars.TestGlyphNameDoesNotContainsDisallowedChars.test_glyphname_does_not_contain_disallowed_chars(): FAIL
bakery_lint.tests.upstream.test_check_ttx_fontfamily_recommendations.TTX_FontFamilyNamingTest.test_ttx_family_naming_recommendation(): OK
bakery_lint.tests.upstream.test_font_filename_eq_familystyle.TestTTFSourceFontFileNameEqualsFamilyStyle.test_source_ttf_font_filename_equals_familystyle(): FAIL
$ mv /home/travis/build/fontdirectory/ubuntu/builds/build/sources/Ubuntu-RI-hinting.ttf.ttx /home/travis/build/fontdirectory/ubuntu/builds/build/sources/Ubuntu-Italic.ttx
bakery_lint.tests.upstream.test_font_filename_eq_familystyle.TestTTFSourceFontFileNameEqualsFamilyStyle.test_source_ttf_font_filename_equals_familystyle(): OK
### (4 of 6) Convert sources to TTF
$ ttx -d /home/travis/build/fontdirectory/ubuntu/builds/build /home/travis/build/fontdirectory/ubuntu/builds/build/sources/Ubuntu-Italic.ttx /home/travis/build/fontdirectory/ubuntu/builds/build/sources/Ubuntu-Medium.ttx /home/travis/build/fontdirectory/ubuntu/builds/build/sources/Ubuntu-MediumItalic.ttx /home/travis/build/fontdirectory/ubuntu/builds/build/sources/Ubuntu-B-hinting.ttf.ttx /home/travis/build/fontdirectory/ubuntu/builds/build/sources/Ubuntu-BoldItalic.ttx /home/travis/build/fontdirectory/ubuntu/builds/build/sources/UbuntuCondensed-Regular.ttx /home/travis/build/fontdirectory/ubuntu/builds/build/sources/Ubuntu-Light.ttx /home/travis/build/fontdirectory/ubuntu/builds/build/sources/Ubuntu-Regular.ttx /home/travis/build/fontdirectory/ubuntu/builds/build/sources/Ubuntu-LightItalic.ttx /home/travis/build/fontdirectory/ubuntu/builds/build/sources/Ubuntu-Bold.ttx
ERROR: BUILD FAILED
Compiling "/home/travis/build/fontdirectory/ubuntu/builds/build/sources/Ubuntu-Italic.ttx" to "/home/travis/build/fontdirectory/ubuntu/builds/build/Ubuntu-Italic.ttf"...
Parsing 'GlyphOrder' table...
Parsing 'head' table...
Parsing 'hhea' table...
Parsing 'maxp' table...
Parsing 'OS/2' table...
Parsing 'hmtx' table...
Parsing 'LTSH' table...
Parsing 'VDMX' table...
Parsing 'hdmx' table...
Parsing 'cmap' table...
Parsing 'fpgm' table...
Parsing 'prep' table...
Parsing 'cvt ' table...
Parsing 'loca' table...
Parsing 'glyf' table...
Parsing 'kern' table...
Parsing 'name' table...
Parsing 'post' table...
Parsing 'gasp' table...
Parsing 'GPOS' table...
Parsing 'GSUB' table...
Parsing 'TSI0' table...
Parsing 'TSI1' table...
Parsing 'TSI2' table...
Parsing 'TSI3' table...
Parsing 'TSI5' table...
Attempting to fix OTLOffsetOverflowError ('GPOS', 'LookupIndex:', 8, 'SubTableIndex:', None, 'ItemName:', None, 'ItemIndex:', None)
Compiling "/home/travis/build/fontdirectory/ubuntu/builds/build/sources/Ubuntu-Medium.ttx" to "/home/travis/build/fontdirectory/ubuntu/builds/build/Ubuntu-Medium.ttf"...
Parsing 'GlyphOrder' table...
Parsing 'head' table...
Parsing 'hhea' table...
Parsing 'maxp' table...
Parsing 'OS/2' table...
Parsing 'hmtx' table...
Parsing 'LTSH' table...
Parsing 'VDMX' table...
Parsing 'hdmx' table...
Parsing 'cmap' table...
Parsing 'fpgm' table...
Parsing 'prep' table...
Parsing 'cvt ' table...
Parsing 'loca' table...
Parsing 'glyf' table...
Parsing 'kern' table...
Parsing 'name' table...
Parsing 'post' table...
Parsing 'gasp' table...
Parsing 'GPOS' table...
Parsing 'GSUB' table...
Parsing 'TSI0' table...
Parsing 'TSI1' table...
Parsing 'TSI2' table...
Parsing 'TSI3' table...
Parsing 'TSI5' table...
Attempting to fix OTLOffsetOverflowError ('GPOS', 'LookupIndex:', 7, 'SubTableIndex:', None, 'ItemName:', None, 'ItemIndex:', None)
Compiling "/home/travis/build/fontdirectory/ubuntu/builds/build/sources/Ubuntu-MediumItalic.ttx" to "/home/travis/build/fontdirectory/ubuntu/builds/build/Ubuntu-MediumItalic.ttf"...
Parsing 'GlyphOrder' table...
Parsing 'head' table...
Parsing 'hhea' table...
Parsing 'maxp' table...
Parsing 'OS/2' table...
Parsing 'hmtx' table...
Parsing 'LTSH' table...
Parsing 'VDMX' table...
Parsing 'hdmx' table...
Parsing 'cmap' table...
Parsing 'fpgm' table...
Parsing 'prep' table...
Parsing 'cvt ' table...
Parsing 'loca' table...
Parsing 'glyf' table...
Parsing 'kern' table...
Parsing 'name' table...
Parsing 'post' table...
Parsing 'gasp' table...
Parsing 'GPOS' table...
Parsing 'GSUB' table...
Parsing 'TSI0' table...
Parsing 'TSI1' table...
Parsing 'TSI2' table...
Parsing 'TSI3' table...
Parsing 'TSI5' table...
Attempting to fix OTLOffsetOverflowError ('GPOS', 'LookupIndex:', 8, 'SubTableIndex:', None, 'ItemName:', None, 'ItemIndex:', None)
Compiling "/home/travis/build/fontdirectory/ubuntu/builds/build/sources/Ubuntu-B-hinting.ttf.ttx" to "/home/travis/build/fontdirectory/ubuntu/builds/build/Ubuntu-B-hinting.ttf.ttf"...
Parsing 'GlyphOrder' table...
Parsing 'head' table...
Parsing 'hhea' table...
Parsing 'maxp' table...
Parsing 'OS/2' table...
Parsing 'hmtx' table...
Parsing 'LTSH' table...
Parsing 'VDMX' table...
Parsing 'hdmx' table...
Parsing 'cmap' table...
Parsing 'fpgm' table...
Parsing 'prep' table...
Parsing 'cvt ' table...
Parsing 'loca' table...
Parsing 'glyf' table...
Parsing 'kern' table...
Parsing 'name' table...
Parsing 'post' table...
Parsing 'gasp' table...
Parsing 'GPOS' table...
Parsing 'GSUB' table...
Parsing 'TSI0' table...
Parsing 'TSI1' table...
